Archive member included to satisfy reference by file (symbol)

/home/user/tools/xpack-riscv-none-elf-gcc-13.2.0-2/bin/../lib/gcc/riscv-none-elf/13.2.0/rv32im/ilp32/libgcc.a(adddf3.o)
                              build/gnss_pvt.o (__adddf3)
/home/user/tools/xpack-riscv-none-elf-gcc-13.2.0-2/bin/../lib/gcc/riscv-none-elf/13.2.0/rv32im/ilp32/libgcc.a(divdf3.o)
                              build/gnss_pvt.o (__divdf3)
/home/user/tools/xpack-riscv-none-elf-gcc-13.2.0-2/bin/../lib/gcc/riscv-none-elf/13.2.0/rv32im/ilp32/libgcc.a(gedf2.o)
                              build/gnss_pvt.o (__gtdf2)
/home/user/tools/xpack-riscv-none-elf-gcc-13.2.0-2/bin/../lib/gcc/riscv-none-elf/13.2.0/rv32im/ilp32/libgcc.a(ledf2.o)
                              build/gnss_tracking.o (__ledf2)
/home/user/tools/xpack-riscv-none-elf-gcc-13.2.0-2/bin/../lib/gcc/riscv-none-elf/13.2.0/rv32im/ilp32/libgcc.a(muldf3.o)
                              build/gnss_nav.o (__muldf3)
/home/user/tools/xpack-riscv-none-elf-gcc-13.2.0-2/bin/../lib/gcc/riscv-none-elf/13.2.0/rv32im/ilp32/libgcc.a(subdf3.o)
                              build/gnss_pvt.o (__subdf3)
/home/user/tools/xpack-riscv-none-elf-gcc-13.2.0-2/bin/../lib/gcc/riscv-none-elf/13.2.0/rv32im/ilp32/libgcc.a(fixunsdfsi.o)
                              build/main.o (__fixunsdfsi)
/home/user/tools/xpack-riscv-none-elf-gcc-13.2.0-2/bin/../lib/gcc/riscv-none-elf/13.2.0/rv32im/ilp32/libgcc.a(floatsidf.o)
                              build/gnss_nav.o (__floatsidf)
/home/user/tools/xpack-riscv-none-elf-gcc-13.2.0-2/bin/../lib/gcc/riscv-none-elf/13.2.0/rv32im/ilp32/libgcc.a(floatunsidf.o)
                              build/gnss_nav.o (__floatunsidf)
/home/user/tools/xpack-riscv-none-elf-gcc-13.2.0-2/bin/../lib/gcc/riscv-none-elf/13.2.0/rv32im/ilp32/libgcc.a(_clzsi2.o)
                              /home/user/tools/xpack-riscv-none-elf-gcc-13.2.0-2/bin/../lib/gcc/riscv-none-elf/13.2.0/rv32im/ilp32/libgcc.a(adddf3.o) (__clzsi2)
/home/user/tools/xpack-riscv-none-elf-gcc-13.2.0-2/bin/../lib/gcc/riscv-none-elf/13.2.0/rv32im/ilp32/libgcc.a(_clz.o)
                              /home/user/tools/xpack-riscv-none-elf-gcc-13.2.0-2/bin/../lib/gcc/riscv-none-elf/13.2.0/rv32im/ilp32/libgcc.a(_clzsi2.o) (__clz_tab)
/home/user/tools/xpack-riscv-none-elf-gcc-13.2.0-2/bin/../lib/gcc/riscv-none-elf/13.2.0/../../../../riscv-none-elf/lib/rv32im/ilp32/libc.a(libc_a-printf.o)
                              build/gnss_csr.o (printf)
/home/user/tools/xpack-riscv-none-elf-gcc-13.2.0-2/bin/../lib/gcc/riscv-none-elf/13.2.0/../../../../riscv-none-elf/lib/rv32im/ilp32/libc.a(libc_a-putchar.o)
                              build/gnss_pvt.o (putchar)
/home/user/tools/xpack-riscv-none-elf-gcc-13.2.0-2/bin/../lib/gcc/riscv-none-elf/13.2.0/../../../../riscv-none-elf/lib/rv32im/ilp32/libc.a(libc_a-puts.o)
                              build/gnss_csr.o (puts)
/home/user/tools/xpack-riscv-none-elf-gcc-13.2.0-2/bin/../lib/gcc/riscv-none-elf/13.2.0/../../../../riscv-none-elf/lib/rv32im/ilp32/libc.a(libc_a-impure.o)
                              /home/user/tools/xpack-riscv-none-elf-gcc-13.2.0-2/bin/../lib/gcc/riscv-none-elf/13.2.0/../../../../riscv-none-elf/lib/rv32im/ilp32/libc.a(libc_a-printf.o) (_impure_ptr)
/home/user/tools/xpack-riscv-none-elf-gcc-13.2.0-2/bin/../lib/gcc/riscv-none-elf/13.2.0/../../../../riscv-none-elf/lib/rv32im/ilp32/libc.a(libc_a-lock.o)
                              /home/user/tools/xpack-riscv-none-elf-gcc-13.2.0-2/bin/../lib/gcc/riscv-none-elf/13.2.0/../../../../riscv-none-elf/lib/rv32im/ilp32/libc.a(libc_a-puts.o) (__retarget_lock_acquire_recursive)
/home/user/tools/xpack-riscv-none-elf-gcc-13.2.0-2/bin/../lib/gcc/riscv-none-elf/13.2.0/../../../../riscv-none-elf/lib/rv32im/ilp32/libc.a(libc_a-memset.o)
                              build/gnss_nav.o (memset)
/home/user/tools/xpack-riscv-none-elf-gcc-13.2.0-2/bin/../lib/gcc/riscv-none-elf/13.2.0/../../../../riscv-none-elf/lib/rv32im/ilp32/libc.a(libc_a-strlen.o)
                              /home/user/tools/xpack-riscv-none-elf-gcc-13.2.0-2/bin/../lib/gcc/riscv-none-elf/13.2.0/../../../../riscv-none-elf/lib/rv32im/ilp32/libc.a(libc_a-puts.o) (strlen)
/home/user/tools/xpack-riscv-none-elf-gcc-13.2.0-2/bin/../lib/gcc/riscv-none-elf/13.2.0/../../../../riscv-none-elf/lib/rv32im/ilp32/libc.a(libc_a-vfprintf.o)
                              /home/user/tools/xpack-riscv-none-elf-gcc-13.2.0-2/bin/../lib/gcc/riscv-none-elf/13.2.0/../../../../riscv-none-elf/lib/rv32im/ilp32/libc.a(libc_a-printf.o) (_vfprintf_r)
/home/user/tools/xpack-riscv-none-elf-gcc-13.2.0-2/bin/../lib/gcc/riscv-none-elf/13.2.0/../../../../riscv-none-elf/lib/rv32im/ilp32/libc.a(libc_a-vfiprintf.o)
                              /home/user/tools/xpack-riscv-none-elf-gcc-13.2.0-2/bin/../lib/gcc/riscv-none-elf/13.2.0/../../../../riscv-none-elf/lib/rv32im/ilp32/libc.a(libc_a-vfprintf.o) (__sprint_r)
[...]
Memory Configuration

Name             Origin             Length             Attributes
*default*        0x00000000         0xffffffff

Linker script and memory map

LOAD /home/user/tools/xpack-riscv-none-elf-gcc-13.2.0-2/bin/../lib/gcc/riscv-none-elf/13.2.0/../../../../riscv-none-elf/lib/rv32im/ilp32/libm.a
LOAD build/gnss_csr.o
LOAD build/gnss_nav.o
LOAD build/gnss_pvt.o
LOAD build/gnss_tracking.o
LOAD build/main.o
LOAD /home/user/tools/xpack-riscv-none-elf-gcc-13.2.0-2/bin/../lib/gcc/riscv-none-elf/13.2.0/rv32im/ilp32/libgcc.a
START GROUP
LOAD /home/user/tools/xpack-riscv-none-elf-gcc-13.2.0-2/bin/../lib/gcc/riscv-none-elf/13.2.0/../../../../riscv-none-elf/lib/rv32im/ilp32/libc.a
LOAD /home/user/tools/xpack-riscv-none-elf-gcc-13.2.0-2/bin/../lib/gcc/riscv-none-elf/13.2.0/../../../../riscv-none-elf/lib/rv32im/ilp32/libgloss.a
END GROUP
LOAD /home/user/tools/xpack-riscv-none-elf-gcc-13.2.0-2/bin/../lib/gcc/riscv-none-elf/13.2.0/rv32im/ilp32/libgcc.a
                [!provide]                        PROVIDE (__executable_start = SEGMENT_START ("text-segment", 0x10000))
                0x00010034                        . = (SEGMENT_START ("text-segment", 0x10000) + SIZEOF_HEADERS)

.interp
 *(.interp)

.note.gnu.build-id
 *(.note.gnu.build-id)

.hash
 *(.hash)

.gnu.hash
 *(.gnu.hash)

.dynsym
 *(.dynsym)

.dynstr
 *(.dynstr)

.gnu.version
 *(.gnu.version)

.gnu.version_d
 *(.gnu.version_d)

.gnu.version_r
 *(.gnu.version_r)

.rela.dyn
 *(.rela.init)
 *(.rela.text .rela.text.* .rela.gnu.linkonce.t.*)
 *(.rela.fini)
 *(.rela.rodata .rela.rodata.* .rela.gnu.linkonce.r.*)
 *(.rela.data .rela.data.* .rela.gnu.linkonce.d.*)
 *(.rela.tdata .rela.tdata.* .rela.gnu.linkonce.td.*)
 *(.rela.tbss .rela.tbss.* .rela.gnu.linkonce.tb.*)
 *(.rela.ctors)
 *(.rela.dtors)
 *(.rela.got)
 *(.rela.sdata .rela.sdata.* .rela.gnu.linkonce.s.*)
 *(.rela.sbss .rela.sbss.* .rela.gnu.linkonce.sb.*)
 *(.rela.sdata2 .rela.sdata2.* .rela.gnu.linkonce.s2.*)
 *(.rela.sbss2 .rela.sbss2.* .rela.gnu.linkonce.sb2.*)
 *(.rela.bss .rela.bss.* .rela.gnu.linkonce.b.*)
 *(.rela.ifunc)

.rela.plt       0x00010034        0x0
 *(.rela.plt)
                [!provide]                        PROVIDE (__rela_iplt_start = .)
 *(.rela.iplt)
                [!provide]                        PROVIDE (__rela_iplt_end = .)

.init
 *(SORT_NONE(.init))

.plt
 *(.plt)
 *(.iplt)

.text
 *(.text.unlikely .text.*_unlikely .text.unlikely.*)
 *(.text.exit .text.exit.*)
 *(.text.startup .text.startup.*)
 *(.text.hot .text.hot.*)
 *(SORT_BY_NAME(.text.sorted.*))
 *(.text .stub .text.* .gnu.linkonce.t.*)
 *(.gnu.warning)

.fini
 *(SORT_NONE(.fini))
                [!provide]                        PROVIDE (__etext = .)
                [!provide]                        PROVIDE (_etext = .)
                [!provide]                        PROVIDE (etext = .)

.rodata
 *(.rodata .rodata.* .gnu.linkonce.r.*)

.rodata1
 *(.rodata1)

.sdata2
 *(.sdata2 .sdata2.* .gnu.linkonce.s2.*)

.sbss2
 *(.sbss2 .sbss2.* .gnu.linkonce.sb2.*)

.eh_frame_hdr
 *(.eh_frame_hdr)
 *(.eh_frame_entry .eh_frame_entry.*)

.eh_frame
 *(.eh_frame)
 *(.eh_frame.*)

.sframe
 *(.sframe)
 *(.sframe.*)

.gcc_except_table
 *(.gcc_except_table .gcc_except_table.*)

.gnu_extab
 *(.gnu_extab*)

.exception_ranges
 *(.exception_ranges*)
                0x00011034                        . = DATA_SEGMENT_ALIGN (CONSTANT (MAXPAGESIZE), CONSTANT (COMMONPAGESIZE))

.eh_frame
 *(.eh_frame)
 *(.eh_frame.*)

.sframe
 *(.sframe)
 *(.sframe.*)

.gnu_extab
 *(.gnu_extab)

.gcc_except_table
 *(.gcc_except_table .gcc_except_table.*)

.exception_ranges
 *(.exception_ranges*)

.tdata          0x00011034        0x0
                [!provide]                        PROVIDE (__tdata_start = .)
 *(.tdata .tdata.* .gnu.linkonce.td.*)

.tbss
 *(.tbss .tbss.* .gnu.linkonce.tb.*)
 *(.tcommon)

.preinit_array  0x00011034        0x0
                [!provide]                        PROVIDE (__preinit_array_start = .)
 *(.preinit_array)
                [!provide]                        PROVIDE (__preinit_array_end = .)

.init_array     0x00011034        0x0
                [!provide]                        PROVIDE (__init_array_start = .)
 *(SORT_BY_INIT_PRIORITY(.init_array.*) SORT_BY_INIT_PRIORITY(.ctors.*))
 *(.init_array EXCLUDE_FILE(*crtend?.o *crtend.o *crtbegin?.o *crtbegin.o) .ctors)
                [!provide]                        PROVIDE (__init_array_end = .)

.fini_array     0x00011034        0x0
                [!provide]                        PROVIDE (__fini_array_start = .)
 *(SORT_BY_INIT_PRIORITY(.fini_array.*) SORT_BY_INIT_PRIORITY(.dtors.*))
 *(.fini_array EXCLUDE_FILE(*crtend?.o *crtend.o *crtbegin?.o *crtbegin.o) .dtors)
                [!provide]                        PROVIDE (__fini_array_end = .)

.ctors
 *crtbegin.o(.ctors)
 *crtbegin?.o(.ctors)
 *(EXCLUDE_FILE(*crtend?.o *crtend.o) .ctors)
 *(SORT_BY_NAME(.ctors.*))
 *(.ctors)

.dtors
 *crtbegin.o(.dtors)
 *crtbegin?.o(.dtors)
 *(EXCLUDE_FILE(*crtend?.o *crtend.o) .dtors)
 *(SORT_BY_NAME(.dtors.*))
 *(.dtors)

.jcr
 *(.jcr)

.data.rel.ro
 *(.data.rel.ro.local* .gnu.linkonce.d.rel.ro.local.*)
 *(.data.rel.ro .data.rel.ro.* .gnu.linkonce.d.rel.ro.*)

.dynamic
 *(.dynamic)
                0x00011034                        . = DATA_SEGMENT_RELRO_END (., 0x0)

.data           0x00011034        0x0
                0x00011034                        __DATA_BEGIN__ = .
 *(.data .data.* .gnu.linkonce.d.*)

.data1
 *(.data1)

.got
 *(.got.plt)
 *(.igot.plt)
 *(.got)
 *(.igot)

.sdata          0x00011034        0x0
                0x00011034                        __SDATA_BEGIN__ = .
 *(.srodata.cst16)
 *(.srodata.cst8)
 *(.srodata.cst4)
 *(.srodata.cst2)
 *(.srodata .srodata.*)
 *(.sdata .sdata.* .gnu.linkonce.s.*)
                0x00011034                        _edata = .
                [!provide]                        PROVIDE (edata = .)
                0x00011034                        . = .
                0x00011034                        __bss_start = .

.sbss
 *(.dynsbss)
 *(.sbss .sbss.* .gnu.linkonce.sb.*)
 *(.scommon)

.bss            0x00011034        0x0
 *(.dynbss)
 *(.bss .bss.* .gnu.linkonce.b.*)
 *(COMMON)
                0x00011034                        . = ALIGN ((. != 0x0)?0x4:0x1)
                0x00011034                        . = ALIGN (0x4)
                0x00011034                        . = SEGMENT_START ("ldata-segment", .)
                0x00011034                        . = ALIGN (0x4)
                0x00011034                        __BSS_END__ = .
                0x00011834                        __global_pointer$ = MIN ((__SDATA_BEGIN__ + 0x800), MAX ((__DATA_BEGIN__ + 0x800), (__BSS_END__ - 0x800)))
                0x00011034                        _end = .
                [!provide]                        PROVIDE (end = .)
                0x00011034                        . = DATA_SEGMENT_END (.)

.stab
 *(.stab)

.stabstr
 *(.stabstr)

.stab.excl
 *(.stab.excl)

.stab.exclstr
 *(.stab.exclstr)

.stab.index
 *(.stab.index)

.stab.indexstr
 *(.stab.indexstr)

.comment
 *(.comment)

.gnu.build.attributes
 *(.gnu.build.attributes .gnu.build.attributes.*)

.debug
 *(.debug)

.line
 *(.line)

.debug_srcinfo
 *(.debug_srcinfo)

.debug_sfnames
 *(.debug_sfnames)

.debug_aranges
 *(.debug_aranges)

.debug_pubnames
 *(.debug_pubnames)

.debug_info
 *(.debug_info .gnu.linkonce.wi.*)

.debug_abbrev
 *(.debug_abbrev)

.debug_line
 *(.debug_line .debug_line.* .debug_line_end)

.debug_frame
 *(.debug_frame)

.debug_str
 *(.debug_str)

.debug_loc
 *(.debug_loc)

.debug_macinfo
 *(.debug_macinfo)

.debug_weaknames
 *(.debug_weaknames)

.debug_funcnames
 *(.debug_funcnames)

.debug_typenames
 *(.debug_typenames)

.debug_varnames
 *(.debug_varnames)

.debug_pubtypes
 *(.debug_pubtypes)

.debug_ranges
 *(.debug_ranges)

.debug_addr
 *(.debug_addr)

.debug_line_str
 *(.debug_line_str)

.debug_loclists
 *(.debug_loclists)

.debug_macro
 *(.debug_macro)

.debug_names
 *(.debug_names)

.debug_rnglists
 *(.debug_rnglists)

.debug_str_offsets
 *(.debug_str_offsets)

.debug_sup
 *(.debug_sup)

.gnu.attributes
 *(.gnu.attributes)

/DISCARD/
 *(.note.GNU-stack)
 *(.gnu_debuglink)
 *(.gnu.lto_*)
OUTPUT(build/gnss_firmware.elf elf32-littleriscv)
